 Enter the input file name (in INP directory)
 filename=INP/clasSn.inp                                                       
input files for EXTERNAL: runplan/target/output                         
RUNPLAN/clas_kin.inp                                                            
TARG/targ.Sn                                                                    
OUT/clasSn_details.out                                                          
 got here
 Reading parameters for Ioana's model
 Pauli suppression factors
  1.00 0.05 1.00 0.63 1.00 0.61 0.83 0.68 0.63 1.00 0.61 0.83
 Pauli suppression factors
  1.00 0.10 1.00 0.83 1.00 0.79 0.92 0.84 0.83 1.00 0.79 0.92
 Pauli suppression factors
  1.00 0.15 1.00 0.94 1.00 0.87 0.96 0.91 0.94 1.00 0.87 0.96
 Pauli suppression factors
  1.00 0.20 1.00 0.99 1.00 0.89 0.97 0.94 0.99 1.00 0.89 0.97
 Pauli suppression factors
  1.00 0.25 1.00 1.00 1.00 1.00 0.98 0.96 1.00 1.00 1.00 0.98
 Pauli suppression factors
  2.00 0.05 1.00 0.63 1.00 0.62 0.83 0.68 0.63 1.00 0.62 0.83
 Pauli suppression factors
  2.00 0.10 1.00 0.83 1.00 0.81 0.92 0.84 0.83 1.00 0.81 0.92
 Pauli suppression factors
  2.00 0.15 1.00 0.94 1.00 0.90 0.96 0.91 0.94 1.00 0.90 0.96
 Pauli suppression factors
  2.00 0.20 1.00 0.99 1.00 0.94 0.97 0.94 0.99 1.00 0.94 0.97
 Pauli suppression factors
  2.00 0.25 1.00 1.00 1.00 1.00 0.98 0.96 1.00 1.00 1.00 0.98
 Pauli suppression factors
  3.00 0.05 1.00 0.63 1.00 0.62 0.83 0.68 0.63 1.00 0.62 0.83
 Pauli suppression factors
  3.00 0.10 1.00 0.83 1.00 0.81 0.92 0.84 0.83 1.00 0.81 0.92
 Pauli suppression factors
  3.00 0.15 1.00 0.94 1.00 0.91 0.96 0.91 0.94 1.00 0.91 0.96
 Pauli suppression factors
  3.00 0.20 1.00 0.99 1.00 0.95 0.97 0.94 0.99 1.00 0.95 0.97
 Pauli suppression factors
  3.00 0.25 1.00 1.00 1.00 1.00 0.98 0.96 1.00 1.00 1.00 0.98
 Pauli suppression factors
  4.00 0.05 1.00 0.63 1.00 0.62 0.83 0.68 0.63 1.00 0.62 0.83
 Pauli suppression factors
  4.00 0.10 1.00 0.83 1.00 0.81 0.92 0.84 0.83 1.00 0.81 0.92
 Pauli suppression factors
  4.00 0.15 1.00 0.94 1.00 0.92 0.96 0.91 0.94 1.00 0.92 0.96
 Pauli suppression factors
  4.00 0.20 1.00 0.99 1.00 0.96 0.97 0.94 0.99 1.00 0.96 0.97
 Pauli suppression factors
  4.00 0.25 1.00 1.00 1.00 1.00 0.98 0.96 1.00 1.00 1.00 0.98
 Pauli suppression factors
  5.00 0.05 1.00 0.63 1.00 0.62 0.83 0.68 0.63 1.00 0.62 0.83
 Pauli suppression factors
  5.00 0.10 1.00 0.83 1.00 0.82 0.92 0.84 0.83 1.00 0.82 0.92
 Pauli suppression factors
  5.00 0.15 1.00 0.94 1.00 0.92 0.96 0.91 0.94 1.00 0.92 0.96
 Pauli suppression factors
  5.00 0.20 1.00 0.99 1.00 0.97 0.97 0.94 0.99 1.00 0.97 0.97
 Pauli suppression factors
  5.00 0.25 1.00 1.00 1.00 1.00 0.98 0.96 1.00 1.00 1.00 0.98
 e,ep,th,sigb,sigqe=    5.01    2.20   19.03  0.8445E+03  0.1155E+01
   5.014 19.026  1.21    9.86    9.39    8.57    6.27    0.81   15.65  0.668
   2.200  0.228  4.95    0.00    0.00 -100.00    0.00    0.00 -100.00 8.457E+02

    5.0140   2.2004  19.0264   0.2283   1.2055  0.84567E+03  0.84452E+03  0.11549E+01  0.97800E+03  0.68914E+01  0.52994E+02  0.91811E+03  0.10000E+01
 e,ep,th,sigb,sigqe=    5.01    1.54   22.54  0.4172E+03  0.6764E+00
   5.014 22.541  1.18   23.02   24.05   15.03   14.39    7.29   36.72  0.598
   1.536  0.180  6.23    0.00    0.00 -100.00    0.00    0.00 -100.00 4.179E+02

    5.0140   1.5363  22.5408   0.1803   1.1769  0.41789E+03  0.41722E+03  0.67635E+00  0.57133E+03  0.30477E+02  0.60150E+02  0.48070E+03  0.10000E+01
 e,ep,th,sigb,sigqe=    5.01    1.02   27.83  0.2082E+03  0.2970E+00
   5.014 27.832  1.18   51.55   61.48   20.57   33.09   34.84   88.49  0.538
   1.017  0.157  7.20    0.00    0.00 -100.00    0.00    0.00 -100.00 2.085E+02

    5.0140   1.0173  27.8321   0.1573   1.1801  0.20852E+03  0.20823E+03  0.29696E+00  0.39305E+03  0.72642E+02  0.68993E+02  0.25141E+03  0.10000E+01
 e,ep,th,sigb,sigqe=    5.01    2.17   21.60  0.5264E+03  0.9586E-01
   5.014 21.601  1.53    6.73    6.23    5.64    4.31    0.20   10.16  0.692
   2.173  0.287  4.68    0.00    0.00 -100.00    0.00    0.00 -100.00 5.265E+02

    5.0140   2.1731  21.6010   0.2871   1.5304  0.52648E+03  0.52638E+03  0.95856E-01  0.57996E+03  0.10674E+01  0.22705E+02  0.55618E+03  0.10000E+01
 e,ep,th,sigb,sigqe=    5.01    1.54   25.78  0.2677E+03  0.2065E+00
   5.014 25.776  1.54   14.56   14.62   11.50    9.29    1.26   22.05  0.636
   1.544  0.237  5.85    0.00    0.00 -100.00    0.00    0.00 -100.00 2.679E+02

    5.0140   1.5437  25.7761   0.2365   1.5403  0.26791E+03  0.26770E+03  0.20649E+00  0.32699E+03  0.33842E+01  0.24898E+02  0.29870E+03  0.10000E+01
 e,ep,th,sigb,sigqe=    5.01    1.02   31.89  0.1377E+03  0.1197E+00
   5.014 31.895  1.55   33.47   38.59   17.20   22.09    7.51   46.80  0.572
   1.024  0.207  6.82    0.00    0.00 -100.00    0.00    0.00 -100.00 1.378E+02

    5.0140   1.0238  31.8949   0.2070   1.5501  0.13778E+03  0.13766E+03  0.11967E+00  0.20225E+03  0.10347E+02  0.30429E+02  0.16148E+03  0.10000E+01
 e,ep,th,sigb,sigqe=    5.01    2.03   25.96  0.2363E+03 -0.5640E-01
   5.014 25.963  2.06    4.76    4.31    2.81    3.15    0.12    6.08  0.731
   2.034  0.368  4.42    0.00    0.00 -100.00    0.00    0.00 -100.00 2.363E+02

    5.0140   2.0336  25.9629   0.3680   2.0581  0.23627E+03  0.23632E+03 -0.56405E-01  0.25063E+03  0.28840E+00  0.74318E+01  0.24291E+03  0.10000E+01
 e,ep,th,sigb,sigqe=    5.01    1.54   31.73  0.1135E+03 -0.1256E-01
   5.014 31.734  2.31    7.30    6.91    5.88    4.84    0.23   10.95  0.701
   1.539  0.354  5.09    0.00    0.00 -100.00    0.00    0.00 -100.00 1.135E+02

    5.0140   1.5395  31.7337   0.3540   2.3080  0.11347E+03  0.11349E+03 -0.12562E-01  0.12590E+03  0.26092E+00  0.54956E+01  0.12015E+03  0.10000E+01
 e,ep,th,sigb,sigqe=    5.01    1.04   38.97  0.6495E+02  0.1241E-02
   5.014 38.969  2.32   16.75   18.22   11.29   11.65    0.69   23.63  0.639
   1.040  0.311  6.02    0.00    0.00 -100.00    0.00    0.00 -100.00 6.495E+01

    5.0140   1.0398  38.9690   0.3111   2.3202  0.64950E+02  0.64949E+02  0.12408E-02  0.80297E+02  0.44961E+00  0.75673E+01  0.72280E+02  0.10000E+01
