 Enter the input file name (in INP directory)
 filename=INP/rgdSn120.inp                                                     
input files for EXTERNAL: runplan/target/output                         
RUNPLAN/rgd_kin.inp                                                             
TARG/targ.Sn                                                                    
OUT/rgdSn120_details.out                                                        
 got here
 Reading parameters for Ioana's model
 Pauli suppression factors
  1.00 0.05 1.00 0.63 1.00 0.61 0.83 0.68 0.63 1.00 0.61 0.83
 Pauli suppression factors
  1.00 0.10 1.00 0.83 1.00 0.79 0.92 0.84 0.83 1.00 0.79 0.92
 Pauli suppression factors
  1.00 0.15 1.00 0.94 1.00 0.87 0.96 0.91 0.94 1.00 0.87 0.96
 Pauli suppression factors
  1.00 0.20 1.00 0.99 1.00 0.89 0.97 0.94 0.99 1.00 0.89 0.97
 Pauli suppression factors
  1.00 0.25 1.00 1.00 1.00 1.00 0.98 0.96 1.00 1.00 1.00 0.98
 Pauli suppression factors
  2.00 0.05 1.00 0.63 1.00 0.62 0.83 0.68 0.63 1.00 0.62 0.83
 Pauli suppression factors
  2.00 0.10 1.00 0.83 1.00 0.80 0.92 0.84 0.83 1.00 0.80 0.92
 Pauli suppression factors
  2.00 0.15 1.00 0.94 1.00 0.90 0.96 0.91 0.94 1.00 0.90 0.96
 Pauli suppression factors
  2.00 0.20 1.00 0.99 1.00 0.94 0.97 0.94 0.99 1.00 0.94 0.97
 Pauli suppression factors
  2.00 0.25 1.00 1.00 1.00 1.00 0.98 0.96 1.00 1.00 1.00 0.98
 Pauli suppression factors
  3.00 0.05 1.00 0.63 1.00 0.62 0.83 0.68 0.63 1.00 0.62 0.83
 Pauli suppression factors
  3.00 0.10 1.00 0.83 1.00 0.81 0.92 0.84 0.83 1.00 0.81 0.92
 Pauli suppression factors
  3.00 0.15 1.00 0.94 1.00 0.91 0.96 0.91 0.94 1.00 0.91 0.96
 Pauli suppression factors
  3.00 0.20 1.00 0.99 1.00 0.95 0.97 0.94 0.99 1.00 0.95 0.97
 Pauli suppression factors
  3.00 0.25 1.00 1.00 1.00 1.00 0.98 0.96 1.00 1.00 1.00 0.98
 Pauli suppression factors
  4.00 0.05 1.00 0.63 1.00 0.62 0.83 0.68 0.63 1.00 0.62 0.83
 Pauli suppression factors
  4.00 0.10 1.00 0.83 1.00 0.81 0.92 0.84 0.83 1.00 0.81 0.92
 Pauli suppression factors
  4.00 0.15 1.00 0.94 1.00 0.91 0.96 0.91 0.94 1.00 0.91 0.96
 Pauli suppression factors
  4.00 0.20 1.00 0.99 1.00 0.96 0.97 0.94 0.99 1.00 0.96 0.97
 Pauli suppression factors
  4.00 0.25 1.00 1.00 1.00 1.00 0.98 0.96 1.00 1.00 1.00 0.98
 Pauli suppression factors
  5.00 0.05 1.00 0.63 1.00 0.62 0.83 0.68 0.63 1.00 0.62 0.83
 Pauli suppression factors
  5.00 0.10 1.00 0.83 1.00 0.81 0.92 0.84 0.83 1.00 0.81 0.92
 Pauli suppression factors
  5.00 0.15 1.00 0.94 1.00 0.92 0.96 0.91 0.94 1.00 0.92 0.96
 Pauli suppression factors
  5.00 0.20 1.00 0.99 1.00 0.97 0.97 0.94 0.99 1.00 0.97 0.97
 Pauli suppression factors
  5.00 0.25 1.00 1.00 1.00 1.00 0.98 0.96 1.00 1.00 1.00 0.98
 e,ep,th,sigb,sigqe=   10.50    5.31    8.44  0.1462E+05  0.4477E+01
  10.500  8.440  1.21    2.32    2.15   13.90    1.67    0.12   15.69  0.778
   5.314  0.124  9.40    0.00    0.00 -100.00    0.00    0.00 -100.00 1.462E+04

   10.5000   5.3140   8.4400   0.1242   1.2086  0.14620E+05  0.14616E+05  0.44769E+01  0.16914E+05  0.17142E+02  0.24485E+03  0.16652E+05  0.99999E+00
 e,ep,th,sigb,sigqe=   10.50    3.27   12.76  0.2291E+04  0.3531E+00
  10.500 12.760  1.69    5.45    5.28   27.00    3.88    0.43   31.31  0.734
   3.266  0.125 12.76    0.00    0.00 -100.00    0.00    0.00 -100.00 2.291E+03

   10.5000   3.2660  12.7600   0.1248   1.6938  0.22903E+04  0.22899E+04  0.35295E+00  0.30085E+04  0.97966E+01  0.88791E+02  0.29099E+04  0.10004E+01
 e,ep,th,sigb,sigqe=   10.50    2.25   17.34  0.7345E+03  0.8036E-01
  10.500 17.340  2.14    9.76   10.21   36.93    7.22    0.51   44.66  0.706
   2.246  0.138 14.23    0.00    0.00 -100.00    0.00    0.00 -100.00 7.346E+02

   10.5000   2.2460  17.3400   0.1384   2.1436  0.73371E+03  0.73363E+03  0.80262E-01  0.10626E+04  0.37782E+01  0.53004E+02  0.10059E+04  0.10012E+01
 e,ep,th,sigb,sigqe=   10.50    6.84    7.44  0.3248E+05  0.1803E+02
  10.500  7.441  1.21    1.30    1.21    4.21    1.03    0.01    5.24  0.851
   6.845  0.176  6.53    0.00    0.00 -100.00    0.00    0.00 -100.00 3.250E+04

   10.5000   6.8450   7.4410   0.1765   1.2105  0.32480E+05  0.32462E+05  0.18015E+02  0.34206E+05  0.20348E+01  0.33388E+03  0.33871E+05  0.10007E+01
 e,ep,th,sigb,sigqe=   10.50    5.30   10.05  0.7308E+04  0.1746E+01
  10.500 10.050  1.71    1.48    1.28    8.97    1.05    0.02   10.04  0.821
   5.301  0.175  8.93    0.00    0.00 -100.00    0.00    0.00 -100.00 7.310E+03

   10.5000   5.3010  10.0500   0.1751   1.7081  0.73019E+04  0.73001E+04  0.17443E+01  0.80435E+04  0.11594E+01  0.77001E+02  0.79653E+04  0.10011E+01
 e,ep,th,sigb,sigqe=   10.50    3.29   15.05  0.1250E+04  0.1340E+00
  10.500 15.050  2.37    3.38    2.97   18.13    2.31    0.05   20.50  0.778
   3.291  0.175 12.04    0.00    0.00 -100.00    0.00    0.00 -100.00 1.250E+03

   10.5000   3.2910  15.0500   0.1752   2.3705  0.12481E+04  0.12480E+04  0.13375E+00  0.15068E+04  0.65224E+00  0.28906E+02  0.14772E+04  0.10019E+01
 e,ep,th,sigb,sigqe=   10.50    1.94   22.45  0.3042E+03  0.1786E-01
  10.500 22.450  3.09    8.11    8.17   28.31    5.98    0.07   34.35  0.731
   1.940  0.192 13.86    0.00    0.00 -100.00    0.00    0.00 -100.00 3.042E+02

   10.5000   1.9400  22.4500   0.1922   3.0876  0.30294E+03  0.30292E+03  0.17782E-01  0.40868E+03  0.20896E+00  0.18178E+02  0.39030E+03  0.10041E+01
 e,ep,th,sigb,sigqe=   10.50    7.57    7.30  0.3966E+05  0.1923E+02
  10.500  7.297  1.29    1.08    1.02   -0.71    0.89    0.00    0.18  0.873
   7.572  0.234  5.09    0.00    0.00 -100.00    0.00    0.00 -100.00 3.968E+04

   10.5000   7.5720   7.2970   0.2344   1.2878  0.39627E+05  0.39608E+05  0.19203E+02  0.39752E+05  0.20632E+00  0.35279E+03  0.39399E+05  0.10014E+01
 e,ep,th,sigb,sigqe=   10.50    6.84    8.85  0.1457E+05  0.3511E+01
  10.500  8.850  1.71    0.85    0.76    0.31    0.65    0.00    0.97  0.857
   6.841  0.249  6.04    0.00    0.00 -100.00    0.00    0.00 -100.00 1.458E+04

   10.5000   6.8410   8.8500   0.2491   1.7104  0.14545E+05  0.14542E+05  0.35039E+01  0.14716E+05  0.65823E-01  0.95343E+02  0.14621E+05  0.10021E+01
 e,ep,th,sigb,sigqe=   10.50    5.32   11.91  0.3368E+04  0.3680E+00
  10.500 11.910  2.40    0.93    0.73    4.04    0.61    0.00    4.65  0.829
   5.317  0.247  8.20    0.00    0.00 -100.00    0.00    0.00 -100.00 3.368E+03

   10.5000   5.3170  11.9100   0.2471   2.4036  0.33593E+04  0.33589E+04  0.36705E+00  0.35249E+04  0.34904E-01  0.20492E+02  0.35044E+04  0.10027E+01
 e,ep,th,sigb,sigqe=   10.50    3.18   18.51  0.5203E+03  0.2096E-01
  10.500 18.510  3.46    2.15    1.63   10.53    1.31    0.00   11.84  0.801
   3.185  0.252 11.15    0.00    0.00 -100.00    0.00    0.00 -100.00 5.203E+02

   10.5000   3.1850  18.5100   0.2521   3.4601  0.51784E+03  0.51782E+03  0.20862E-01  0.58187E+03  0.13721E-01  0.68052E+01  0.57505E+03  0.10047E+01
 e,ep,th,sigb,sigqe=   10.50    2.13   26.11  0.1450E+03  0.1781E-02
  10.500 26.110  4.57    3.80    3.11   12.61    2.46    0.00   15.07  0.790
   2.133  0.291 12.01    0.00    0.00 -100.00    0.00    0.00 -100.00 1.450E+02

   10.5000   2.1330  26.1100   0.2911   4.5711  0.14357E+03  0.14357E+03  0.17635E-02  0.16687E+03  0.15498E-02  0.35681E+01  0.16330E+03  0.10101E+01
 e,ep,th,sigb,sigqe=   10.50    7.95    7.63  0.3249E+05 -0.3510E+01
  10.500  7.632  1.48    0.95    0.91   -4.85    0.78    0.00   -4.06  0.857
   7.955  0.310  4.18    0.00    0.00 -100.00    0.00    0.00 -100.00 3.249E+04

   10.5000   7.9550   7.6320   0.3099   1.4799  0.32401E+05  0.32404E+05 -0.35012E+01  0.31165E+05  0.99842E-02  0.25392E+03  0.30911E+05  0.10026E+01
 e,ep,th,sigb,sigqe=   10.50    7.68    8.52  0.1737E+05 -0.2919E+01
  10.500  8.523  1.78    0.79    0.74   -5.08    0.64    0.00   -4.44  0.856
   7.679  0.336  4.39    0.00    0.00 -100.00    0.00    0.00 -100.00 1.737E+04

   10.5000   7.6790   8.5230   0.3364   1.7809  0.17309E+05  0.17312E+05 -0.29092E+01  0.16599E+05  0.23674E-02  0.11066E+03  0.16488E+05  0.10035E+01
 e,ep,th,sigb,sigqe=   10.50    6.85   10.49  0.5551E+04 -0.4485E+00
  10.500 10.490  2.40    0.60    0.52   -3.82    0.43    0.00   -3.39  0.831
   6.846  0.350  5.33    0.00    0.00 -100.00    0.00    0.00 -100.00 5.550E+03

   10.5000   6.8460  10.4900   0.3504   2.4028  0.55251E+04  0.55255E+04 -0.44648E+00  0.53622E+04  0.63527E-03  0.23972E+02  0.53382E+04  0.10046E+01
 e,ep,th,sigb,sigqe=   10.50    5.00   15.03  0.9668E+03 -0.1133E-01
  10.500 15.030  3.59    0.66    0.45   -0.19    0.35    0.00    0.17  0.790
   4.998  0.348  7.61    0.00    0.00 -100.00    0.00    0.00 -100.00 9.668E+02

   10.5000   4.9980  15.0300   0.3478   3.5906  0.96083E+03  0.96084E+03 -0.11260E-01  0.96837E+03  0.25242E-03  0.34232E+01  0.96495E+03  0.10062E+01
 e,ep,th,sigb,sigqe=   10.50    3.11   22.39  0.1876E+03 -0.5329E-03
  10.500 22.390  4.92    1.44    0.90    4.03    0.70    0.00    4.73  0.779
   3.109  0.355  9.83    0.00    0.00 -100.00    0.00    0.00 -100.00 1.876E+02

   10.5000   3.1090  22.3900   0.3549   4.9220  0.18566E+03  0.18567E+03 -0.52746E-03  0.19646E+03  0.85205E-04  0.13201E+01  0.19514E+03  0.10103E+01
 e,ep,th,sigb,sigqe=   10.50    7.32   10.56  0.4454E+04  0.1971E+00
  10.500 10.560  2.60    0.61    0.55   -7.38    0.48    0.00   -6.90  0.866
   7.315  0.435  4.26    0.00    0.00 -100.00    0.00    0.00 -100.00 4.454E+03

   10.5000   7.3150  10.5600   0.4353   2.6017  0.44247E+04  0.44245E+04  0.19578E+00  0.41467E+04  0.18081E-04  0.21317E+02  0.41253E+04  0.10066E+01
 e,ep,th,sigb,sigqe=   10.50    6.31   13.46  0.1120E+04  0.8295E-01
  10.500 13.460  3.64    0.47    0.37   -6.42    0.31    0.00   -6.12  0.827
   6.308  0.463  5.11    0.00    0.00 -100.00    0.00    0.00 -100.00 1.120E+03

   10.5000   6.3080  13.4600   0.4625   3.6385  0.11104E+04  0.11103E+04  0.82228E-01  0.10516E+04  0.19994E-05  0.34564E+01  0.10481E+04  0.10087E+01
 e,ep,th,sigb,sigqe=   10.50    4.51   19.17  0.2086E+03  0.2775E-02
  10.500 19.170  5.26    0.57    0.33   -3.64    0.25    0.00   -3.39  0.750
   4.513  0.468  6.86    0.00    0.00 -100.00    0.00    0.00 -100.00 2.086E+02

   10.5000   4.5130  19.1700   0.4678   5.2553  0.20603E+03  0.20602E+03  0.27417E-02  0.20148E+03  0.49018E-06  0.51720E+00  0.20096E+03  0.10123E+01
 e,ep,th,sigb,sigqe=   10.50    3.27   25.74  0.5341E+02  0.1623E-02
  10.500 25.740  6.82    0.90    0.47   -2.45    0.34    0.00   -2.11  0.728
   3.272  0.503  7.63    0.00    0.00 -100.00    0.00    0.00 -100.00 5.342E+01

   10.5000   3.2720  25.7400   0.5027   6.8180  0.52418E+02  0.52417E+02  0.15926E-02  0.52288E+02  0.40762E-07  0.18199E+00  0.52106E+02  0.10190E+01
 e,ep,th,sigb,sigqe=   10.50    6.58   14.16  0.5437E+03  0.8315E+00
  10.500 14.160  4.20    0.51    0.43   -9.82    0.49    0.00   -9.33  1.138
   6.581  0.571  4.04    0.00    0.00 -100.00    0.00    0.00 -100.00 5.445E+02

   10.5000   6.5810  14.1600   0.5710   4.1990  0.53772E+03  0.53690E+03  0.82112E+00  0.49371E+03  0.95539E-08  0.26906E+01  0.49102E+03  0.10126E+01
 e,ep,th,sigb,sigqe=   10.50    5.66   17.35  0.1684E+03  0.1698E+00
  10.500 17.350  5.40    0.45    0.33   -9.13    0.35    0.00   -8.78  1.049
   5.655  0.594  4.57    0.00    0.00 -100.00    0.00    0.00 -100.00 1.686E+02

   10.5000   5.6550  17.3500   0.5943   5.4032  0.16591E+03  0.16575E+03  0.16708E+00  0.15379E+03  0.11259E-08  0.58740E+00  0.15320E+03  0.10162E+01
 e,ep,th,sigb,sigqe=   10.50    4.22   23.50  0.3516E+02  0.2064E-01
  10.500 23.500  7.34    0.52    0.30   -7.91    0.27    0.00   -7.64  0.893
   4.217  0.623  5.33    0.00    0.00 -100.00    0.00    0.00 -100.00 3.518E+01

   10.5000   4.2170  23.5000   0.6230   7.3449  0.34382E+02  0.34361E+02  0.20165E-01  0.32498E+02  0.72986E-10  0.95574E-01  0.32402E+02  0.10233E+01
