EXTERNAL/TSAI:  VERSION OF 8/8/96

RUNPLAN for CLAS hadronization experiment                               
 inclusive:                                                             
                                                                        
Copper ~6%                                                              
from ent.m2 using 0.452 g/cm2- revised 2/20/01, and Dunne 8/01          

----*----1----*----2----*----3----*----4----*----5----*----6----*----7--
                                                                        

TARGET (iZ,iA) = ( 29, 64);   avgA =  64.000; amuM= 63.922; avgM= 59.544
 targ= ordina; ttarg(rl)=0.06210; twall=0.00000; tbeam=0.00000; tspec=0.00761
         Nseg  =   2
 MODELS: P elastc(ikk)=14; deut elastic=13; inelastc=206; Pauli Supresion= 1
 NUCLEAR METHOD= 1;   NUCLEAR_MODEL= 1

    E1    TH    Q2 COS_K         SMR     NUC          INT-SMR
    EP     X    W2 QE-PK  INELA  Q-ELA  ELAST   TOTAL  MODEL

   5.014 19.026  1.21    3.22    6.86    2.38    0.00    9.24  0.757
   2.200  0.228  4.95    0.00 -100.00    0.00    0.00 -100.00 2.510E+03

   5.014 22.541  1.18    6.21   14.34    4.56    0.01   18.92  0.685
   1.536  0.180  6.23    0.00 -100.00    0.00    0.00 -100.00 1.380E+03

   5.014 27.832  1.18   12.37   23.00    9.33    0.08   32.41  0.621
   1.017  0.157  7.20    0.00 -100.00    0.00    0.00 -100.00 7.190E+02

   5.014 21.601  1.53    2.67    4.01    1.96    0.00    5.97  0.774
   2.173  0.287  4.68    0.00 -100.00    0.00    0.00 -100.00 1.367E+03

   5.014 25.776  1.54    4.88   10.31    3.61    0.01   13.92  0.717
   1.544  0.237  5.85    0.00 -100.00    0.00    0.00 -100.00 7.684E+02

   5.014 31.895  1.55    9.97   18.35    7.62    0.02   25.99  0.651
   1.024  0.207  6.82    0.00 -100.00    0.00    0.00 -100.00 4.147E+02

   5.014 25.963  2.06    2.37    1.18    1.75    0.00    2.94  0.803
   2.034  0.368  4.42    0.00 -100.00    0.00    0.00 -100.00 5.235E+02

   5.014 31.734  2.31    3.51    3.98    2.61    0.00    6.59  0.773
   1.539  0.354  5.09    0.00 -100.00    0.00    0.00 -100.00 2.570E+02

   5.014 38.969  2.32    7.13   10.39    5.54    0.00   15.94  0.708
   1.040  0.311  6.02    0.00 -100.00    0.00    0.00 -100.00 1.573E+02

  0.000 0.000  0.000 .000  0.00  0.00  0.00  0.00  0.00  0.00 0.000
                           0.00  0.00  0.00  0.00  0.00  0.00 0.000E+00

