EXTERNAL/TSAI:  VERSION OF 8/8/96

RUNPLAN for CLAS hadronization experiment                               
 inclusive:                                                             
                                                                        
CLAS12 Tin Target                                                       
RG-D Analysis                                                           

----*----1----*----2----*----3----*----4----*----5----*----6----*----7--
                                                                        

TARGET (iZ,iA) = ( 50,118);   avgA = 118.000; amuM=117.889; avgM=109.814
 targ= ordina; ttarg(rl)=0.06210; twall=0.00000; tbeam=0.00000; tspec=0.00761
         Nseg  =   2
 MODELS: P elastc(ikk)=14; deut elastic=13; inelastc=206; Pauli Supresion= 1
 NUCLEAR METHOD= 1;   NUCLEAR_MODEL= 1

    E1    TH    Q2 COS_K         SMR     NUC          INT-SMR
    EP     X    W2 QE-PK  INELA  Q-ELA  ELAST   TOTAL  MODEL

   5.014 19.026  1.21    3.00    6.52    2.23    0.00    8.75  0.759
   2.200  0.228  4.95    0.00 -100.00    0.00    0.00 -100.00 4.783E+03

   5.014 22.541  1.18    5.80   13.93    4.28    0.05   18.27  0.687
   1.536  0.180  6.23    0.00 -100.00    0.00    0.00 -100.00 2.613E+03

   5.014 27.832  1.18   11.59   22.44    8.78    0.26   31.48  0.624
   1.017  0.157  7.20    0.00 -100.00    0.00    0.00 -100.00 1.353E+03

   5.014 21.601  1.53    2.51    3.60    1.85    0.00    5.44  0.773
   2.173  0.287  4.68    0.00 -100.00    0.00    0.00 -100.00 2.588E+03

   5.014 25.776  1.54    4.61    9.84    3.41    0.01   13.26  0.717
   1.544  0.237  5.85    0.00 -100.00    0.00    0.00 -100.00 1.445E+03

   5.014 31.895  1.55    9.44   17.67    7.22    0.04   24.93  0.651
   1.024  0.207  6.82    0.00 -100.00    0.00    0.00 -100.00 7.754E+02

   5.014 25.963  2.06    2.26    0.58    1.67    0.00    2.26  0.801
   2.034  0.368  4.42    0.00 -100.00    0.00    0.00 -100.00 9.788E+02

   5.014 31.734  2.31    3.38    3.24    2.50    0.00    5.74  0.769
   1.539  0.354  5.09    0.00 -100.00    0.00    0.00 -100.00 4.769E+02

   5.014 38.969  2.32    6.87    9.40    5.31    0.00   14.71  0.703
   1.040  0.311  6.02    0.00 -100.00    0.00    0.00 -100.00 2.909E+02

  0.000 0.000  0.000 .000  0.00  0.00  0.00  0.00  0.00  0.00 0.000
                           0.00  0.00  0.00  0.00  0.00  0.00 0.000E+00

