EXTERNAL/TSAI:  VERSION OF 8/8/96

RUNPLAN for CLAS hadronization experiment                               
 inclusive:                                                             
                                                                        
Stein deuterium                                                         
from Dunne 8/01                                                         

----*----1----*----2----*----3----*----4----*----5----*----6----*----7--
                                                                        

TARGET (iZ,iA) = (  1,  2);   avgA =   2.000; amuM=  2.013; avgM=  1.875
 targ=   TUNA; ttarg(rl)=0.00533; twall=0.00143; tbeam=0.00143; tspec=0.00761
         Nseg  =   4
 MODELS: P elastc(ikk)=14; deut elastic=13; inelastc=206; Pauli Supresion= 4
 NUCLEAR METHOD= 1;   NUCLEAR_MODEL= 1

    E1    TH    Q2 COS_K         SMR     NUC          INT-SMR
    EP     X    W2 QE-PK  INELA  Q-ELA  ELAST   TOTAL  MODEL

 Deut Elastic Model: ia,iamec,rsc,rscmec (1,2,3,4)=  3
 TJON DEUT ELASTIC FILESS TO BE OPEN=rscctj.tjon_input   rscqtj.tjon_input   rscmtj.tjon_input   
  10.600  2.541  0.01   92.15   39.86 2269.64 3849.51 6159.01 19.672
   0.536  0.001 19.75    0.00 -100.00    0.00    0.00 -100.00 3.015E+03

  10.600  7.832  0.00   92.15   19.9246080.03****************339.624
   0.017  0.000 20.74    0.00 -100.00    0.00    0.00 -100.00 3.092E+02

  10.600  1.601  0.00   94.63   34.7318946.5874566.8293548.13171.638
   0.173  0.000 20.45    0.00 -100.00    0.00    0.00 -100.00 7.682E+03

  10.600  5.776  0.06  126.83   45.16 1006.16 1003.52 2054.84  5.469
   0.544  0.003 19.69    0.00 -100.00    0.00    0.00 -100.00 3.999E+02

  10.600  1.895  0.00   79.10   24.8920392.39****************120.217
   0.024  0.000 20.73    0.00 -100.00    0.00    0.00 -100.00 5.403E+03

  10.600  5.963  0.00   91.48   22.3031003.80****************255.412
   0.034  0.000 20.70    0.00 -100.00    0.00    0.00 -100.00 5.328E+02

  10.600  1.734  0.01   92.55   40.57 3607.53 7808.6211456.72 32.494
   0.539  0.000 19.75    0.00 -100.00    0.00    0.00 -100.00 6.770E+03

  10.600  8.969  0.01   91.90   22.7517303.8037204.3654530.90138.268
   0.040  0.001 20.69    0.00 -100.00    0.00    0.00 -100.00 2.244E+02

  0.000 0.000  0.000 .000  0.00  0.00  0.00  0.00  0.00  0.00 0.000
                           0.00  0.00  0.00  0.00  0.00  0.00 0.000E+00

