EXTERNAL/TSAI:  VERSION OF 8/8/96

RUNPLAN for CLAS12 nuclear TMDs experiment                              
 inclusive:                                                             
                                                                        
CLAS Carbon                                                             
                                                                        

----*----1----*----2----*----3----*----4----*----5----*----6----*----7--
                                                                        

TARGET (iZ,iA) = (  6, 12);   avgA =  12.000; amuM= 12.002; avgM= 11.180
 targ= ordina; ttarg(rl)=0.01561; twall=0.00000; tbeam=0.00000; tspec=0.00761
         Nseg  =   2
 MODELS: P elastc(ikk)=14; deut elastic=13; inelastc=206; Pauli Supresion= 1
 NUCLEAR METHOD= 1;   NUCLEAR_MODEL= 1

    E1    TH    Q2 COS_K         SMR     NUC          INT-SMR
    EP     X    W2 QE-PK  INELA  Q-ELA  ELAST   TOTAL  MODEL

  10.500 10.000  1.12    9.69   36.86    6.81    1.97   45.64  0.689
   3.500  0.085 12.90    0.00 -100.00    0.00    0.00 -100.00 4.801E+02

  10.500 15.000  1.83   10.81   38.34    7.81    1.21   47.35  0.704
   2.560  0.123 13.95    0.00 -100.00    0.00    0.00 -100.00 1.121E+02

  10.500 20.000  4.50    1.24    4.45    0.61    0.00    5.06  0.794
   3.550  0.345  9.43    0.00 -100.00    0.00    0.00 -100.00 3.011E+01

  10.500 25.000  5.90    1.30    2.92    0.58    0.00    3.49  0.776
   3.000  0.419  9.05    0.00 -100.00    0.00    0.00 -100.00 9.904E+00

  10.500 30.000  5.63    3.55   10.50    2.16    0.00   12.66  0.801
   2.000  0.353 11.20    0.00 -100.00    0.00    0.00 -100.00 7.550E+00

  10.500 35.000  6.65    3.86    9.41    2.39    0.00   11.80  0.805
   1.750  0.405 10.65    0.00 -100.00    0.00    0.00 -100.00 3.727E+00

  0.000 0.000  0.000 .000  0.00  0.00  0.00  0.00  0.00  0.00 0.000
                           0.00  0.00  0.00  0.00  0.00  0.00 0.000E+00

