EXTERNAL/TSAI:  VERSION OF 8/8/96

RUNPLAN for CLAS12 nuclear TMDs experiment                              
 inclusive:                                                             
                                                                        
Stein deuterium                                                         
from Dunne 8/01                                                         

----*----1----*----2----*----3----*----4----*----5----*----6----*----7--
                                                                        

TARGET (iZ,iA) = (  1,  2);   avgA =   2.000; amuM=  2.013; avgM=  1.875
 targ=   E99L; ttarg(rl)=0.00557; twall=0.00144; tbeam=0.00127; tspec=0.00736
         Nseg  =   4
 MODELS: P elastc(ikk)=14; deut elastic=13; inelastc=206; Pauli Supresion= 4
 NUCLEAR METHOD= 1;   NUCLEAR_MODEL= 1

    E1    TH    Q2 COS_K         SMR     NUC          INT-SMR
    EP     X    W2 QE-PK  INELA  Q-ELA  ELAST   TOTAL  MODEL

 Deut Elastic Model: ia,iamec,rsc,rscmec (1,2,3,4)=  3
 TJON DEUT ELASTIC FILESS TO BE OPEN=rscctj.tjon_input   rscqtj.tjon_input   rscmtj.tjon_input   
  10.500 10.000  1.12    9.77   32.79    9.14    0.68   42.60  0.943
   3.500  0.085 12.90    0.00 -100.00    0.00    0.00 -100.00 8.071E+01

  10.500 15.000  1.83   11.03   34.08   10.36    0.57   45.01  0.940
   2.560  0.123 13.95    0.00 -100.00    0.00    0.00 -100.00 1.865E+01

  10.500 20.000  4.50    1.24    4.84    0.74    0.01    5.59  0.959
   3.550  0.345  9.43    0.00 -100.00    0.00    0.00 -100.00 5.025E+00

  10.500 25.000  5.90    1.27    3.43    0.69    0.00    4.12  0.944
   3.000  0.419  9.05    0.00 -100.00    0.00    0.00 -100.00 1.684E+00

  10.500 30.000  5.63    3.50   10.88    2.58    0.02   13.47  0.961
   2.000  0.353 11.20    0.00 -100.00    0.00    0.00 -100.00 1.267E+00

  10.500 35.000  6.65    3.77    9.96    2.78    0.01   12.75  0.958
   1.750  0.405 10.65    0.00 -100.00    0.00    0.00 -100.00 6.332E-01

  0.000 0.000  0.000 .000  0.00  0.00  0.00  0.00  0.00  0.00 0.000
                           0.00  0.00  0.00  0.00  0.00  0.00 0.000E+00

